<html>
<body>
<pre>
<h1>�Vision Build Log</h1>
<h2>Tool Versions:</h2>
IDE-Version: ��Vision V5.28.0.0
Copyright (C) 2019 ARM Ltd and ARM Germany GmbH. All rights reserved.
License Information: dfa adf, fd, LIC=RC93N-YGJGM-8T03P-MYHXK-2XWRK-BBUB4
 
Tool Versions:
Toolchain:       MDK-ARM Plus  Version: 5.28.0.0
Toolchain Path:  D:\Keil_v5\ARM\ARMCC\Bin
C Compiler:      Armcc.exe V5.06 update 6 (build 750)
Assembler:       Armasm.exe V5.06 update 6 (build 750)
Linker/Locator:  ArmLink.exe V5.06 update 6 (build 750)
Library Manager: ArmAr.exe V5.06 update 6 (build 750)
Hex Converter:   FromElf.exe V5.06 update 6 (build 750)
CPU DLL:         SARMCM3.DLL V5.28.0.0
Dialog DLL:      DCM.DLL V1.17.3.0
Target DLL:      CMSIS_AGDI.dll V1.31.18.0
Dialog DLL:      TCM.DLL V1.36.2.0
 
<h2>Project:</h2>
D:\ST\STM_Project\desk_design\MDK-ARM\desk_design.uvprojx
Project File Date:  06/29/2026

<h2>Output:</h2>
*** Using Compiler 'V5.06 update 6 (build 750)', folder: 'D:\Keil_v5\ARM\ARMCC\Bin'
Build target 'desk_design'
compiling stm32f1xx_hal_rcc_ex.c...
compiling stm32f1xx_hal_gpio_ex.c...
compiling stm32f1xx_it.c...
compiling stm32f1xx_hal.c...
compiling stm32f1xx_hal_msp.c...
compiling stm32f1xx_hal_gpio.c...
compiling main.c...
../Core/Src/main.c(143): warning:  #177-D: variable "temphumi"  was declared but never referenced
      htsensorvalue_t *temphumi;
../Core/Src/main.c(180): warning:  #177-D: variable "temphumi"  was declared but never referenced
      htsensorvalue_t *temphumi;
../Core/Src/main.c(181): warning:  #177-D: variable "i"  was declared but never referenced
      uint8_t i;
../Core/Src/main.c(197): warning:  #177-D: variable "begintime"  was declared but never referenced
      uint32_t begintime;
../Core/Src/main.c(198): warning:  #177-D: variable "temp"  was declared but never referenced
      uint8_t temp, humi;
../Core/Src/main.c(198): warning:  #177-D: variable "humi"  was declared but never referenced
      uint8_t temp, humi;
../Core/Src/main.c(199): warning:  #177-D: variable "temphumi"  was declared but never referenced
      htsensorvalue_t *temphumi;
../Core/Src/main.c: 7 warnings, 0 errors
compiling stm32f1xx_hal_dma.c...
compiling stm32f1xx_hal_rcc.c...
compiling stm32f1xx_hal_tim_ex.c...
compiling elog.c...
compiling elog_async.c...
compiling elog_buf.c...
compiling elog_utils.c...
compiling stm32f1xx_hal_tim.c...
compiling RTX_Conf_CM.c...
compiling stm32f1xx_hal_cortex.c...
compiling stm32f1xx_hal_flash.c...
compiling stm32f1xx_hal_exti.c...
compiling stm32f1xx_hal_pwr.c...
compiling stm32f1xx_hal_flash_ex.c...
compiling system_stm32f1xx.c...
compiling elog_port.c...
..\easylogger\port\elog_port.c(136): warning:  #1-D: last line of file ends without a newline
  }
..\easylogger\port\elog_port.c: 1 warning, 0 errors
compiling stm32f1xx_hal_uart.c...
compiling dht11.c...
compiling tlsf.c...
..\user\mem\tlsf.c(570): warning:  #68-D: integer conversion resulted in a change of sign
          return -1;
..\user\mem\tlsf.c(575): warning:  #68-D: integer conversion resulted in a change of sign
          return -1;
..\user\mem\tlsf.c(1093): warning:  #1293-D: assignment in condition
      if (!(ptr_aux = malloc_ex(new_size, mem_pool))){ 
..\user\mem\tlsf.c(1119): warning:  #1293-D: assignment in condition
      if (!(ptr = malloc_ex(nelem * elem_size, mem_pool)))  /* 实际分配过程与malloc相同，使用malloc_ex函数分配*/
..\user\mem\tlsf.c(114): warning:  #550-D: variable "mem_errorno"  was set but never used
  static uint8_t mem_errorno = 0;
..\user\mem\tlsf.c: 5 warnings, 0 errors
linking...
Program Size: Code=21368 RO-data=1800 RW-data=148 ZI-data=17508  
FromELF: creating hex file...
"desk_design\desk_design.axf" - 0 Error(s), 13 Warning(s).

<h2>Software Packages used:</h2>

Package Vendor: ARM
                http://www.keil.com/pack/ARM.CMSIS.5.5.1.pack
                ARM.CMSIS.5.5.1
                CMSIS (Cortex Microcontroller Software Interface Standard)
   * Component: RTOS Version: 1.0.0
   * Component: CORE Version: 5.2.0
   * Component: Keil RTX Version: 4.81.1

Package Vendor: Keil
                http://www.keil.com/pack/Keil.STM32F1xx_DFP.1.0.5.pack
                Keil.STM32F1xx_DFP.1.0.5
                STMicroelectronics STM32F1 Series Device Support, Drivers and Examples

<h2>Collection of Component include folders:</h2>
  .\RTE\_desk_design
  D:\Users\Administrator\AppData\Local\Arm\Packs\ARM\CMSIS\5.5.1\CMSIS\Core\Include
  D:\Users\Administrator\AppData\Local\Arm\Packs\ARM\CMSIS\5.5.1\CMSIS\RTOS\RTX\INC
  D:\Users\Administrator\AppData\Local\Arm\Packs\Keil\STM32F1xx_DFP\1.0.5\Device\Include

<h2>Collection of Component Files used:</h2>

   * Component: ::CMSIS:RTOS:1.0.0 (API)

   * Component: ARM::CMSIS:CORE:5.2.0

   * Component: ARM::CMSIS:RTOS:Keil RTX:4.81.1
      Library file:  CMSIS\RTOS\RTX\LIB\ARM\RTX_CM3.lib
      Source file:   CMSIS\RTOS\RTX\Templates\RTX_Conf_CM.c
      Include file:  CMSIS\RTOS\RTX\UserCodeTemplates\osObjects.h
      Source file:   CMSIS\RTOS\RTX\UserCodeTemplates\Timer.c
      Source file:   CMSIS\RTOS\RTX\UserCodeTemplates\MsgQueue.c
      Source file:   CMSIS\RTOS\RTX\UserCodeTemplates\MailQueue.c
      Source file:   CMSIS\RTOS\RTX\UserCodeTemplates\MemPool.c
      Include file:  CMSIS\RTOS\RTX\INC\cmsis_os.h
      Source file:   CMSIS\RTOS\RTX\UserCodeTemplates\Thread.c
      Source file:   CMSIS\RTOS\RTX\SRC\ARM\SVC_Table.s
      Source file:   CMSIS\RTOS\RTX\UserCodeTemplates\main.c
      Source file:   CMSIS\RTOS\RTX\UserCodeTemplates\Mutex.c
      Source file:   CMSIS\RTOS\RTX\UserCodeTemplates\Semaphore.c
Build Time Elapsed:  00:00:03
</pre>
</body>
</html>
